2026-02-13T20:42:05+00:00 INFO Array
(
    [Webhook Delivery] => Array
        (
            [Delivery ID] => 0423c60177d8da00d88a2cb7c52cbc46
            [Date] => 13 février 2026 à 20 h 42
            [URL] => https://a.klaviyo.com/api/webhook/integration/woocommerce?c=Uxjfxr
            [Duration] => 0.79056
            [Request] => Array
                (
                    [Method] => POST
                    [Headers] => Array
                        (
                            [User-Agent] => WooCommerce/10.5.0 Hookshot (WordPress/6.9.1)
                            [Content-Type] => application/json
                            [X-WC-Webhook-Source] => https://lepetitkangaroo.com/fr/
                            [X-WC-Webhook-Topic] => order.created
                            [X-WC-Webhook-Resource] => order
                            [X-WC-Webhook-Event] => created
                            [X-WC-Webhook-Signature] => mvzTno8xtvnebXZkeeElwX4is6C+1IS1wbTlkCBDuk4=
                            [X-WC-Webhook-ID] => 2
                            [X-WC-Webhook-Delivery-ID] => 0423c60177d8da00d88a2cb7c52cbc46
                        )

                )

            [Body] => Webhook body is not logged unless WP_DEBUG mode is turned on. This is to avoid the storing of personal data in the logs.
            [Response] => Array
                (
                    [Code] => 200
                    [Message] => OK
                    [Headers] => WpOrg\Requests\Utility\CaseInsensitiveDictionary Object
                        (
                            [data:protected] => Array
                                (
                                    [date] => Fri, 13 Feb 2026 20:42:05 GMT
                                    [content-type] => text/html; charset=utf-8
                                    [content-encoding] => gzip
                                    [content-language] => en-us
                                    [content-security-policy] => frame-ancestors 'self' login.bigcommerce.com *.mybigcommerce.com admin.shopify.com klaviyo.file.force.com klaviyo.lightning.force.com klaviyo.my.salesforce.com; object-src 'none'; base-uri 'none'; script-src 'report-sample' 'strict-dynamic' 'unsafe-eval'; report-uri /csp/
                                    [vary] => Accept-Language, Cookie
                                    [x-klaviyo-req-id] => e7c421c9-27d9-4b10-8b31-742868152ac5
                                    [x-envoy-upstream-service-time] => 24
                                    [cf-cache-status] => DYNAMIC
                                    [strict-transport-security] => max-age=31536000; includeSubDomains; preload
                                    [x-content-type-options] => nosniff
                                    [server] => cloudflare
                                    [cf-ray] => 9cd72679082f2717-ORD
                                )

                        )

                    [Body] => Webhook body is not logged unless WP_DEBUG mode is turned on. This is to avoid the storing of personal data in the logs.
                )

        )

)
2026-02-13T20:42:05+00:00 INFO Array
(
    [Webhook Delivery] => Array
        (
            [Delivery ID] => 03e9233cd7e2cb38d38e54dec5becfdd
            [Date] => 13 février 2026 à 20 h 42
            [URL] => https://a.klaviyo.com/api/webhook/integration/woocommerce?c=Uxjfxr
            [Duration] => 0.15883
            [Request] => Array
                (
                    [Method] => POST
                    [Headers] => Array
                        (
                            [User-Agent] => WooCommerce/10.5.0 Hookshot (WordPress/6.9.1)
                            [Content-Type] => application/json
                            [X-WC-Webhook-Source] => https://lepetitkangaroo.com/fr/
                            [X-WC-Webhook-Topic] => order.updated
                            [X-WC-Webhook-Resource] => order
                            [X-WC-Webhook-Event] => updated
                            [X-WC-Webhook-Signature] => mvzTno8xtvnebXZkeeElwX4is6C+1IS1wbTlkCBDuk4=
                            [X-WC-Webhook-ID] => 1
                            [X-WC-Webhook-Delivery-ID] => 03e9233cd7e2cb38d38e54dec5becfdd
                        )

                )

            [Body] => Webhook body is not logged unless WP_DEBUG mode is turned on. This is to avoid the storing of personal data in the logs.
            [Response] => Array
                (
                    [Code] => 200
                    [Message] => OK
                    [Headers] => WpOrg\Requests\Utility\CaseInsensitiveDictionary Object
                        (
                            [data:protected] => Array
                                (
                                    [date] => Fri, 13 Feb 2026 20:42:05 GMT
                                    [content-type] => text/html; charset=utf-8
                                    [content-encoding] => gzip
                                    [content-language] => en-us
                                    [content-security-policy] => object-src 'none'; frame-ancestors 'self' login.bigcommerce.com *.mybigcommerce.com admin.shopify.com klaviyo.file.force.com klaviyo.lightning.force.com klaviyo.my.salesforce.com; script-src 'report-sample' 'strict-dynamic' 'unsafe-eval'; base-uri 'none'; report-uri /csp/
                                    [vary] => Accept-Language, Cookie
                                    [x-klaviyo-req-id] => ae519bed-ba6c-4abc-a5f9-a9a32732daa2
                                    [x-envoy-upstream-service-time] => 28
                                    [cf-cache-status] => DYNAMIC
                                    [strict-transport-security] => max-age=31536000; includeSubDomains; preload
                                    [x-content-type-options] => nosniff
                                    [server] => cloudflare
                                    [cf-ray] => 9cd7267a5a68e25c-ORD
                                )

                        )

                    [Body] => Webhook body is not logged unless WP_DEBUG mode is turned on. This is to avoid the storing of personal data in the logs.
                )

        )

)
2026-02-13T20:42:06+00:00 INFO Array
(
    [Webhook Delivery] => Array
        (
            [Delivery ID] => 35b57f57586dce911222b54306c2b04c
            [Date] => 13 février 2026 à 20 h 42
            [URL] => https://a.klaviyo.com/api/webhook/integration/woocommerce?c=Uxjfxr
            [Duration] => 0.18913
            [Request] => Array
                (
                    [Method] => POST
                    [Headers] => Array
                        (
                            [User-Agent] => WooCommerce/10.5.0 Hookshot (WordPress/6.9.1)
                            [Content-Type] => application/json
                            [X-WC-Webhook-Source] => https://lepetitkangaroo.com/fr/
                            [X-WC-Webhook-Topic] => product.updated
                            [X-WC-Webhook-Resource] => product
                            [X-WC-Webhook-Event] => updated
                            [X-WC-Webhook-Signature] => KKmZU2GzQoibkYSyDa6f4OBXrHNXML1cjVwZ/V4xGLk=
                            [X-WC-Webhook-ID] => 3
                            [X-WC-Webhook-Delivery-ID] => 35b57f57586dce911222b54306c2b04c
                        )

                )

            [Body] => Webhook body is not logged unless WP_DEBUG mode is turned on. This is to avoid the storing of personal data in the logs.
            [Response] => Array
                (
                    [Code] => 200
                    [Message] => OK
                    [Headers] => WpOrg\Requests\Utility\CaseInsensitiveDictionary Object
                        (
                            [data:protected] => Array
                                (
                                    [date] => Fri, 13 Feb 2026 20:42:06 GMT
                                    [content-type] => text/html; charset=utf-8
                                    [content-encoding] => gzip
                                    [content-language] => en-us
                                    [content-security-policy] => script-src 'report-sample' 'strict-dynamic' 'unsafe-eval'; object-src 'none'; frame-ancestors 'self' login.bigcommerce.com *.mybigcommerce.com admin.shopify.com klaviyo.file.force.com klaviyo.lightning.force.com klaviyo.my.salesforce.com; base-uri 'none'; report-uri /csp/
                                    [vary] => Accept-Language, Cookie
                                    [x-klaviyo-req-id] => c12619ff-7cb1-45dc-bcc6-52703cb7f7e6
                                    [x-envoy-upstream-service-time] => 26
                                    [cf-cache-status] => DYNAMIC
                                    [strict-transport-security] => max-age=31536000; includeSubDomains; preload
                                    [x-content-type-options] => nosniff
                                    [server] => cloudflare
                                    [cf-ray] => 9cd7267b8ba3088a-ORD
                                )

                        )

                    [Body] => Webhook body is not logged unless WP_DEBUG mode is turned on. This is to avoid the storing of personal data in the logs.
                )

        )

)
2026-02-13T20:42:12+00:00 INFO Array
(
    [Webhook Delivery] => Array
        (
            [Delivery ID] => 05c61af86d0acd149edd5437f940715d
            [Date] => 13 février 2026 à 20 h 42
            [URL] => https://a.klaviyo.com/api/webhook/integration/woocommerce?c=Uxjfxr
            [Duration] => 0.59859
            [Request] => Array
                (
                    [Method] => POST
                    [Headers] => Array
                        (
                            [User-Agent] => WooCommerce/10.5.0 Hookshot (WordPress/6.9.1)
                            [Content-Type] => application/json
                            [X-WC-Webhook-Source] => https://lepetitkangaroo.com/fr/
                            [X-WC-Webhook-Topic] => order.updated
                            [X-WC-Webhook-Resource] => order
                            [X-WC-Webhook-Event] => updated
                            [X-WC-Webhook-Signature] => l75m7cNBrge0I0SYchT8S5dL4iRaNeBbtBrJUrB8MnA=
                            [X-WC-Webhook-ID] => 1
                            [X-WC-Webhook-Delivery-ID] => 05c61af86d0acd149edd5437f940715d
                        )

                )

            [Body] => Webhook body is not logged unless WP_DEBUG mode is turned on. This is to avoid the storing of personal data in the logs.
            [Response] => Array
                (
                    [Code] => 200
                    [Message] => OK
                    [Headers] => WpOrg\Requests\Utility\CaseInsensitiveDictionary Object
                        (
                            [data:protected] => Array
                                (
                                    [date] => Fri, 13 Feb 2026 20:42:12 GMT
                                    [content-type] => text/html; charset=utf-8
                                    [content-encoding] => gzip
                                    [content-language] => en-us
                                    [content-security-policy] => base-uri 'none'; script-src 'report-sample' 'strict-dynamic' 'unsafe-eval'; frame-ancestors 'self' login.bigcommerce.com *.mybigcommerce.com admin.shopify.com klaviyo.file.force.com klaviyo.lightning.force.com klaviyo.my.salesforce.com; object-src 'none'; report-uri /csp/
                                    [vary] => Accept-Language, Cookie
                                    [x-klaviyo-req-id] => 333168a6-b4f4-452d-92c4-6baf2dce059f
                                    [x-envoy-upstream-service-time] => 28
                                    [cf-cache-status] => DYNAMIC
                                    [strict-transport-security] => max-age=31536000; includeSubDomains; preload
                                    [x-content-type-options] => nosniff
                                    [server] => cloudflare
                                    [cf-ray] => 9cd726a5798aeaf9-ORD
                                )

                        )

                    [Body] => Webhook body is not logged unless WP_DEBUG mode is turned on. This is to avoid the storing of personal data in the logs.
                )

        )

)
